[main 40c2d9c] sync playbooks from VPS (2026-08-24)
 4 files changed, 52 insertions(+), 11 deletions(-)
 create mode 100644 sync.log
To https://github.com/H4fizWasabie/mino-playbooks.git
   8ed062b..40c2d9c  main -> main
pushed 2026-08-24T06:00:04Z
[main dc20714] sync playbooks from VPS (2026-08-25)
 4 files changed, 25 insertions(+), 8 deletions(-)
To https://github.com/H4fizWasabie/mino-playbooks.git
   40c2d9c..dc20714  main -> main
pushed 2026-08-25T06:00:05Z
[main 98bb1d2] sync playbooks from VPS (2026-08-26)
 3 files changed, 46 insertions(+), 11 deletions(-)
To https://github.com/H4fizWasabie/mino-playbooks.git
   dc20714..98bb1d2  main -> main
pushed 2026-08-26T06:00:04Z
[main aba5798] sync playbooks from VPS (2026-08-27)
 2 files changed, 6 insertions(+), 2 deletions(-)
To https://github.com/H4fizWasabie/mino-playbooks.git
   98bb1d2..aba5798  main -> main
pushed 2026-08-27T06:00:05Z
[main 7a46c2e] sync playbooks from VPS (2026-08-28)
 6 files changed, 5 insertions(+), 186 deletions(-)
 delete mode 100644 playbooks/malaysian-news-daily/CONTEXT.md
 delete mode 100644 playbooks/malaysian-news-daily/config.md
 delete mode 100644 playbooks/malaysian-news-daily/persona.md
 delete mode 100755 playbooks/malaysian-news-daily/script.sh
 delete mode 100644 playbooks/malaysian-news-daily/stages/01-news/CONTEXT.md
To https://github.com/H4fizWasabie/mino-playbooks.git
   aba5798..7a46c2e  main -> main
pushed 2026-08-28T06:00:05Z
[main 71a83ea] sync playbooks from VPS (2026-08-29)
 5 files changed, 167 insertions(+)
 create mode 100644 playbooks/instagram-daily-capability/AGENTS.md
 create mode 100644 playbooks/instagram-daily-capability/persona/CONTEXT.md
 rename playbooks/instagram-daily-capability/{persona.md => persona/content-creator.md} (100%)
 create mode 100755 playbooks/instagram-daily-capability/tools/link-check.sh
To https://github.com/H4fizWasabie/mino-playbooks.git
   7a46c2e..71a83ea  main -> main
pushed 2026-08-29T06:00:05Z
